// Jest Snapshot v1, https://goo.gl/fbAQLP

exports[`<Register /> should render the register page 1`] = `
<div>
  <div
    id="register-page"
  >
    <div
      class="MuiPaper-root box-container toLeft MuiPaper-elevation10 MuiPaper-rounded"
    >
      <h2>
        DEV LEARN
      </h2>
      <h1>
        Faça seu cadastro!
      </h1>
      <form>
        <div
          class="MuiFormControl-root MuiTextField-root"
        >
          <label
            class="MuiFormLabel-root MuiInputLabel-root MuiInputLabel-formControl MuiInputLabel-animated MuiInputLabel-outlined Mui-required Mui-required"
            data-shrink="false"
          >
            Email
            <span
              aria-hidden="true"
              class="MuiFormLabel-asterisk MuiInputLabel-asterisk"
            >
               
              *
            </span>
          </label>
          <div
            class="MuiInputBase-root MuiOutlinedInput-root MuiInputBase-formControl"
          >
            <input
              aria-invalid="false"
              class="MuiInputBase-input MuiOutlinedInput-input"
              name="email"
              placeholder="rodrigovictor81@gmail.com"
              required=""
              type="email"
              value=""
            />
            <fieldset
              aria-hidden="true"
              class="PrivateNotchedOutline-root-1 MuiOutlinedInput-notchedOutline"
            >
              <legend
                class="PrivateNotchedOutline-legendLabelled-3"
              >
                <span>
                  Email
                   *
                </span>
              </legend>
            </fieldset>
          </div>
        </div>
        <div
          class="MuiFormControl-root MuiTextField-root"
        >
          <label
            class="MuiFormLabel-root MuiInputLabel-root MuiInputLabel-formControl MuiInputLabel-animated MuiInputLabel-outlined Mui-required Mui-required"
            data-shrink="false"
          >
            Senha
            <span
              aria-hidden="true"
              class="MuiFormLabel-asterisk MuiInputLabel-asterisk"
            >
               
              *
            </span>
          </label>
          <div
            class="MuiInputBase-root MuiOutlinedInput-root MuiInputBase-formControl"
          >
            <input
              aria-invalid="false"
              class="MuiInputBase-input MuiOutlinedInput-input"
              name="password"
              placeholder="*******"
              required=""
              type="password"
              value=""
            />
            <fieldset
              aria-hidden="true"
              class="PrivateNotchedOutline-root-1 MuiOutlinedInput-notchedOutline"
            >
              <legend
                class="PrivateNotchedOutline-legendLabelled-3"
              >
                <span>
                  Senha
                   *
                </span>
              </legend>
            </fieldset>
          </div>
        </div>
        <button
          class="button"
          type="submit"
        >
          CADASTRAR
        </button>
      </form>
      <h3>
        Já tem conta? 
        <a
          href="/login"
        >
          Faça login
        </a>
      </h3>
    </div>
  </div>
</div>
`;
